<html>
<body>
<pre>
<h1>µVision Build Log</h1>
<h2>Project:</h2>
C:\Users\Timsnky\Dropbox\Programming\Energia\GSM\UART.uvproj
Project File Date:  09/22/2014

<h2>Output:</h2>
Build target 'UART'
assembling startup.s...
compiling PLL.c...
compiling UART.c...
compiling UARTTestMain.c...
linking...
Program Size: Code=1408 RO-data=16 RW-data=0 ZI-data=1120  
".\UART.axf" - 0 Error(s), 0 Warning(s).
Load "C:\\Users\\Timsnky\\Dropbox\\Programming\\Energia\\GSM\\UART.axf" 
Connecting: Mode=JTAG, Speed=1000000Hz
Erase Done.
Programming Done.
Verify OK.
</pre>
</body>
</html>
